0000 0000 0 1 0000 0000 0000 0000 0000 0000 0000 0000
0000 0001 0 1 0000 0000 0000 0000 0001 0001 0001 0001
0000 0010 0 0 0001 0000 0001 0000 0000 0000 0000 0000
0000 0011 0 0 1111 0001 0010 0011 0000 0010 0011 0100
