0000 0000 0 0 1111 1111 1111 1111 1111 1111 1111 1111
0000 0001 0 0 0000 0000 0000 0000 0000 0000 0000 0001
0000 0010 0 0 1111 1111 1111 1111 1111 1111 1111 0000
0000 0011 1 0 0000 0000 0000 0000 0000 0000 0000 0000